            

// This comment is worth noting and has a deep dive in it.
             
                                                
                                     
    a block comment
	   spanning lines, at the end of the day   
            // trailing: this is groundbreaking
                   
 
