// A comment worth noting at the top.
                                    
                               
                     
                                   
                                   // this trailing one is groundbreaking
                                      block comment, at the end of the day   
                         // this trailing comment must survive the division
