=== tests/docs/typography.md
--- banlist hits, rewrite these: 0
--- needs judgment, check the carve-outs in SKILL.md: 0
--- leaked scaffolding and chatbot boilerplate
  clean
--- hidden characters
  NO-BREAK SPACE                         x1    line 23
  NON-BREAKING HYPHEN                    x1    line 25
--- decorative punctuation
  line 1:‐
  line 3:‒
  line 5:–
  line 7:—
  line 9:―
  line 11:‘
  line 11:’
  line 11:“
  line 11:”
  line 13:…
  line 15:«
  line 15:»
  line 17:←
  line 17:→
  line 19:•
  line 21:≤
  line 21:≥
  line 21:≠
--- structural tics
  clean
--- spelling variant
  US markers: 0   EU/British markers: 0   (variant: auto)
--- dates, clock, units
  clean
--- long sentences (over 25 words)
  clean
--- terminology consistency
  clean
--- second-language interference
  clean

total phrase hits: 0
gate hits (unambiguous, ratchetable): 20
Now read the draft for the constructions grep cannot see (SKILL.md, step 2).
